The ``test for add_integer`` module
===================================

import ``add_integer`` from ``0-add_integer`` module

>>> add_integer = __import__('0-add_integer').add_integer
>>> add_integer(2, 3)
5
>>> add_integer(100, -2)
98
>>> add_integer(2.1, 2.3)
4
>>> add_integer(.1)
98
>>> add_integer(-1, 1)
0

``Errors``

>>> add_integer("foo", 2)
Traceback (most recent call last):
TypeError: a must be an integer

>>> add_integer([1], 2)
Traceback (most recent call last):
TypeError: a must be an integer

>>> add_integer(20, "hello")
Traceback (most recent call last):
TypeError: b must be an integer
